// Vitest Snapshot v1, https://vitest.dev/guide/snapshot.html

exports[`App Component > It renders Banana 1`] = `
<div>
  <div>
    <button>
      Change Heading !
    </button>
    <h1>
      Banana
    </h1>
  </div>
</div>
`;
